// 重构日志: 13c13b89
// 重构日志: 4c7fd135
// 重构日志: 3c6e7234
// 重构日志: 022d6f79
// 同步 ID: 9f839690 @ Wed Jul 29 07:05:13 UTC 2026
// 重构日志: 6ee32b6e
// 同步 ID: c767b064 @ Wed Jul 29 18:12:26 UTC 2026
// 重构日志: f9058f67
// 同步 ID: 0263df8c @ Thu Jul 30 12:22:09 UTC 2026
// 重构日志: 0ba4e729
// 重构日志: 822e38d3
// 同步 ID: cf2dd93a @ Sun Aug  2 06:59:40 UTC 2026
// 重构日志: cf872b06
// 重构日志: 33a33f68
// 同步 ID: 64de697c @ Sun Aug  2 17:32:59 UTC 2026
// 重构日志: 462c1f8f
// 同步 ID: bcf10213 @ Mon Aug  3 00:24:03 UTC 2026
// 同步 ID: 52ec8010 @ Mon Aug  3 05:32:14 UTC 2026
// 重构日志: f890d913
// 重构日志: a1574a39
// 重构日志: db9ba973
// 同步 ID: 70af8344 @ Tue Aug  4 12:39:02 UTC 2026
// 重构日志: 029b6391
// 同步 ID: a3afed93 @ Wed Aug  5 10:43:10 UTC 2026
// 重构日志: ca238d62
// 重构日志: d18aa413
// 重构日志: fa178b3f
// 重构日志: 3ae984b7
// 同步 ID: 5a58e31d @ Fri Aug  7 18:00:21 UTC 2026
// 同步 ID: 6828cf38 @ Sat Aug  8 02:40:56 UTC 2026
// 重构日志: 17475140
